eeschema (2013-07-07 BZR 4022)-stable  >> Creation date: 2015/02/20 23:41:06
#コンポーネント ( リファレンス順 )
| BD200      H8-PRO-BOARD
| C100       22u(3225)   
| C110       1u          
| C111       0.01u       
| C112       100p        
| C113       1u          
| C120       1u          
| C121       0.01u       
| C122       100p        
| C123       1u          
| C130       0.1u        
| C140       0.1u        
| C300       0.1u        
| C400       0.1u        
| C410       0.1u        
| C420       0.1u        
| C430       0.1u        
| C440       0.1u        
| C450       0.1u        
| C500       0.1u        
| C510       0.1u        
| C520       0.1u        
| C530       0.1u        
| C600       1u          
| C601       10u(3216)   
| C602       0.47u       
| C603       1u          
| C604       100p        
| C605       OPEN        
| C606       OPEN        
| C607       0.47u       
| C608       0.1u        
| C610       1u          
| C611       10u(3216)   
| C612       0.47u       
| C613       1u          
| C614       100p        
| C615       OPEN        
| C616       OPEN        
| C617       0.47u       
| C618       0.1u        
| C620       1u          
| C621       10u(3216)   
| C622       0.47u       
| C623       1u          
| C624       100p        
| C625       OPEN        
| C626       OPEN        
| C627       0.47u       
| C628       0.1u        
| C630       1u          
| C631       10u(3216)   
| C632       0.47u       
| C633       1u          
| C634       100p        
| C635       OPEN        
| C636       OPEN        
| C637       0.47u       
| C638       0.1u        
| C640       1u          
| C641       10u(3216)   
| C642       0.47u       
| C643       1u          
| C644       100p        
| C645       OPEN        
| C646       OPEN        
| C647       0.47u       
| C648       0.1u        
| C650       1u          
| C651       10u(3216)   
| C652       0.47u       
| C653       1u          
| C654       100p        
| C655       OPEN        
| C656       OPEN        
| C657       0.47u       
| C658       0.1u        
| CN100      S3B-XH-A    
| D100       SR54F       
| D600       SR54F       
| D610       SR54F       
| D620       SR54F       
| D630       SR54F       
| D640       SR54F       
| D650       SR54F       
| F100       MF-SM300-2  
| IC110      NJM111000F1 
| IC120      NJM111000F1 
| IC140      LT6106CS5   
| IC300      TWE-LITE    
| IC400      GP2Y0A21YK  
| IC410      GP2Y0A21YK  
| IC420      GP2Y0A21YK  
| IC430      GP2Y0A21YK  
| IC440      GP2Y0A21YK  
| IC450      GP2Y0A21YK  
| IC500      PCA9665PW   
| IC510      ADXL345     
| IC520      AE-L3GD20   
| IC530      R1EX24512BTA
| IC600      TB6588FG    
| IC610      TB6588FG    
| IC620      TB6588FG    
| IC630      TB6588FG    
| IC640      TB6588FG    
| IC650      TB6588FG    
| M600       L2508A-3500 
| M610       L2508A-3500 
| M620       L2508A-3500 
| M630       L2508A-3500 
| M640       L2508A-3500 
| M650       L2508A-3500 
| R110       3.9kJ       
| R111       1.5kJ       
| R120       6.2kJ       
| R121       3.3kJ       
| R130       10kJ        
| R131       10kJ        
| R140       0.02D(3216) 
| R141       200J        
| R142       10kJ        
| R143       1.5kJ       
| R200       4.7kJ       
| R400       1.5kJ       
| R410       1.5kJ       
| R420       1.5kJ       
| R430       1.5kJ       
| R440       1.5kJ       
| R450       1.5kJ       
| R500       1.5kJ       
| R501       4.7kJ       
| R502       4.7kJ       
| R600       4.7kJ       
| R601       220kJ       
| R602       20kJ        
| R603       1kJ         
| R604       10kJ        
| R605       10kJ        
| R606       0.2F(2012)  
| R610       4.7kJ       
| R611       220kJ       
| R612       20kJ        
| R613       1kJ         
| R614       10kJ        
| R615       10kJ        
| R616       0.2F(2012)  
| R620       4.7k        
| R621       220kJ       
| R622       20kJ        
| R623       1kJ         
| R624       10kJ        
| R625       10kJ        
| R626       0.2F(2012)  
| R630       4.7kJ       
| R631       220kJ       
| R632       20kJ        
| R633       1kJ         
| R634       10kJ        
| R635       10kJ        
| R636       0.2F(2012)  
| R640       4.7kJ       
| R641       220kJ       
| R642       20kJ        
| R643       1kJ         
| R644       10kJ        
| R645       10kJ        
| R646       0.2F(2012)  
| R650       4.7kJ       
| R651       220kJ       
| R652       20kJ        
| R653       1kJ         
| R654       10kJ        
| R655       10kJ        
| R656       0.2F(2012)  
| RA500      1kJx4       
| RA501      1kJx4       
| RA502      1kJx4       
| RA600      10kJx4      
| RA610      10kJx4      
| RA620      10kJx4      
| RA630      10kJx4      
| RA640      10kJx4      
| RA650      10kJx4      
| SW100      SS12D01G4   
#End Cmp

#コンポーネント ( 定数で並び替え )
| H8-PRO-BOARD BD200     
| 100p         C112      
| 100p         C122      
| 100p         C604      
| 100p         C614      
| 100p         C624      
| 100p         C634      
| 100p         C644      
| 100p         C654      
| 0.01u        C111      
| 0.01u        C121      
| 0.1u         C130      
| 0.1u         C140      
| 0.1u         C300      
| 0.1u         C400      
| 0.1u         C410      
| 0.1u         C420      
| 0.1u         C430      
| 0.1u         C440      
| 0.1u         C450      
| 0.1u         C500      
| 0.1u         C510      
| 0.1u         C520      
| 0.1u         C530      
| 0.1u         C608      
| 0.1u         C618      
| 0.1u         C628      
| 0.1u         C638      
| 0.1u         C648      
| 0.1u         C658      
| 0.47u        C602      
| 0.47u        C607      
| 0.47u        C612      
| 0.47u        C617      
| 0.47u        C622      
| 0.47u        C627      
| 0.47u        C632      
| 0.47u        C637      
| 0.47u        C642      
| 0.47u        C647      
| 0.47u        C652      
| 0.47u        C657      
| 1u           C110      
| 1u           C113      
| 1u           C120      
| 1u           C123      
| 1u           C600      
| 1u           C603      
| 1u           C610      
| 1u           C613      
| 1u           C620      
| 1u           C623      
| 1u           C630      
| 1u           C633      
| 1u           C640      
| 1u           C643      
| 1u           C650      
| 1u           C653      
| 10u(3216)    C601      
| 10u(3216)    C611      
| 10u(3216)    C621      
| 10u(3216)    C631      
| 10u(3216)    C641      
| 10u(3216)    C651      
| 22u(3225)    C100      
| OPEN         C605      
| OPEN         C606      
| OPEN         C615      
| OPEN         C616      
| OPEN         C625      
| OPEN         C626      
| OPEN         C635      
| OPEN         C636      
| OPEN         C645      
| OPEN         C646      
| OPEN         C655      
| OPEN         C656      
| S3B-XH-A     CN100     
| SR54F        D100      
| SR54F        D600      
| SR54F        D610      
| SR54F        D620      
| SR54F        D630      
| SR54F        D640      
| SR54F        D650      
| MF-SM300-2   F100      
| NJM111000F1  IC110     
| NJM111000F1  IC120     
| LT6106CS5    IC140     
| TWE-LITE     IC300     
| GP2Y0A21YK   IC400     
| GP2Y0A21YK   IC410     
| GP2Y0A21YK   IC420     
| GP2Y0A21YK   IC430     
| GP2Y0A21YK   IC440     
| GP2Y0A21YK   IC450     
| PCA9665PW    IC500     
| ADXL345      IC510     
| AE-L3GD20    IC520     
| R1EX24512BTA IC530     
| TB6588FG     IC600     
| TB6588FG     IC610     
| TB6588FG     IC620     
| TB6588FG     IC630     
| TB6588FG     IC640     
| TB6588FG     IC650     
| L2508A-3500  M600      
| L2508A-3500  M610      
| L2508A-3500  M620      
| L2508A-3500  M630      
| L2508A-3500  M640      
| L2508A-3500  M650      
| 0.02D(3216)  R140      
| 0.2F(2012)   R606      
| 0.2F(2012)   R616      
| 0.2F(2012)   R626      
| 0.2F(2012)   R636      
| 0.2F(2012)   R646      
| 0.2F(2012)   R656      
| 1kJ          R603      
| 1kJ          R613      
| 1kJ          R623      
| 1kJ          R633      
| 1kJ          R643      
| 1kJ          R653      
| 1.5kJ        R111      
| 1.5kJ        R143      
| 1.5kJ        R400      
| 1.5kJ        R410      
| 1.5kJ        R420      
| 1.5kJ        R430      
| 1.5kJ        R440      
| 1.5kJ        R450      
| 1.5kJ        R500      
| 3.3kJ        R121      
| 3.9kJ        R110      
| 4.7kJ        R200      
| 4.7kJ        R501      
| 4.7kJ        R502      
| 4.7kJ        R600      
| 4.7kJ        R610      
| 4.7k         R620      
| 4.7kJ        R630      
| 4.7kJ        R640      
| 4.7kJ        R650      
| 6.2kJ        R120      
| 10kJ         R130      
| 10kJ         R131      
| 10kJ         R142      
| 10kJ         R604      
| 10kJ         R605      
| 10kJ         R614      
| 10kJ         R615      
| 10kJ         R624      
| 10kJ         R625      
| 10kJ         R634      
| 10kJ         R635      
| 10kJ         R644      
| 10kJ         R645      
| 10kJ         R654      
| 10kJ         R655      
| 20kJ         R602      
| 20kJ         R612      
| 20kJ         R622      
| 20kJ         R632      
| 20kJ         R642      
| 20kJ         R652      
| 220kJ        R601      
| 220kJ        R611      
| 220kJ        R621      
| 220kJ        R631      
| 220kJ        R641      
| 220kJ        R651      
| 200J         R141      
| 1kJx4        RA500     
| 1kJx4        RA501     
| 1kJx4        RA502     
| 10kJx4       RA600     
| 10kJx4       RA610     
| 10kJx4       RA620     
| 10kJx4       RA630     
| 10kJx4       RA640     
| 10kJx4       RA650     
| SS12D01G4    SW100     
#コンポーネント終了

#リスト終了
